// Jest Snapshot v1, https://goo.gl/fbAQLP

exports[`Timer component is rendered correctly 1`] = `
<div
  className="timer__value"
  style={
    Object {
      "color": "red",
    }
  }
  xmlns="http://www.w3.org/1999/xhtml"
>
  <span
    className="timer__mins"
  >
    00
  </span>
  <span
    className="timer__dots"
  >
    :
  </span>
  <span
    className="timer__secs"
  >
    00
  </span>
</div>
`;
