// Jest Snapshot v1, https://goo.gl/fbAQLP

exports[`GuessArtistScreen component is rendered correctly 1`] = `
<section
  className="game__screen"
>
  <h2
    className="game__title"
  >
    Кто исполняет эту песню?
  </h2>
  <div
    className="game__track"
  >
    <div
      className="track"
    />
  </div>
  <form
    className="game__artist"
  >
    <div
      className="artist"
    >
      <input
        className="artist__input visually-hidden"
        id="answer-0"
        name="answer"
        onChange={[Function]}
        type="radio"
        value="\${answer.artist}"
      />
      <label
        className="artist__name"
        htmlFor="answer-0"
      >
        <img
          alt=""
          className="artist__picture"
          src="http://somesrc/"
        />
        
      </label>
    </div>
  </form>
</section>
`;
