// Jest Snapshot v1, https://goo.gl/fbAQLP

exports[`WinScreen component is rendered correctly 1`] = `
<section
  className="result"
>
  <div
    className="result__logo"
  >
    <img
      alt="Угадай мелодию"
      height="83"
      src="img/melody-logo.png"
      width="186"
    />
  </div>
  <h2
    className="result__title"
  >
    Вы настоящий меломан!
  </h2>
  <p
    className="result__total"
  >
    За 0 минут и 30 секунд{getTimeEnding(seconds)} вы набрали 12 баллов (8 быстрых), совершив 1 ошибки
  </p>
  <p
    className="result__text"
  >
    Вы заняли 2 место из 10. Это лучше чем у 80% игроков
  </p>
</section>
`;
